// Jest Snapshot v1, https://goo.gl/fbAQLP

exports[`Landing Page Component renders landing page 1`] = `[Function]`;

exports[`Landing renders landing page 1`] = `[Function]`;

exports[`renders landing page 1`] = `[Function]`;
