// Jest Snapshot v1, https://goo.gl/fbAQLP

exports[`StatusCard Component renders status card 1`] = `ShallowWrapper {}`;
